[2026-08-31 14:22:58] 开始抓取 21 只标普500场外基金额度...
[2026-08-31 14:23:14] 已建立基线快照（21 只），本次不推送。下次起有变动会提醒。
[2026-08-31 14:23:14] 开始抓取 21 只标普500场外基金额度...
[2026-08-31 14:23:25] 额度无变动（可买 4 只 / 共 21 只，人民币份额合计约 20 元/日）
[2026-08-31 14:42:40] 开始抓取 21 只标普500场外基金额度...
[2026-08-31 14:42:45] Server酱 推送成功: {"code":0,"message":"","data":{"pushid":"53637249","readkey":"SCT4HZWecLRgjUY","
[2026-08-31 14:42:45] 已强制推送汇总
[2026-08-31 14:49:50] 开始抓取 14 只标普500场外基金额度...
[2026-08-31 14:49:53] Server酱 推送成功: {"code":0,"message":"","data":{"pushid":"53638532","readkey":"SCTFXCjXU5piOHg","
[2026-08-31 14:49:53] 已强制推送汇总
[2026-08-31 23:02:44] 开始抓取 14 只标普500场外基金额度...
[2026-08-31 23:02:48] Server酱 推送成功: {"code":0,"message":"","data":{"pushid":"53700934","readkey":"SCTyFCocainwB94","
[2026-08-31 23:02:48] 已强制推送汇总
[2026-09-01 09:11:10] 开始抓取 14 只标普500场外基金额度...
[2026-09-01 14:16:03] 开始抓取 14 只标普500场外基金额度...
[2026-09-01 14:16:06] 额度无变动（可买 4 只 / 共 21 只，人民币份额合计约 20 元/日）
[2026-09-02 13:53:43] 开始抓取 14 只标普500场外基金额度...
[2026-09-02 13:53:49] Server酱 推送成功: {"code":0,"message":"","data":{"pushid":"54017572","readkey":"SCTchR1uvm9NzqO","
[2026-09-02 13:53:49] 检测到 3 项变动，已推送
[2026-09-03 10:56:31] 开始抓取 14 只标普500场外基金额度...
[2026-09-03 11:09:16] 开始抓取 14 只标普500场外基金额度...
[2026-09-03 11:09:30] 开始抓取 14 只标普500场外基金额度...
[2026-09-03 11:09:54] 开始抓取 14 只标普500场外基金额度...
[2026-09-03 11:09:55] 已建立基线快照（21 只），本次不推送。下次起有变动会提醒。
[2026-09-03 13:48:40] 开始抓取 14 只标普500场外基金额度...
[2026-09-03 13:48:41] 额度无变动（可买 7 只 / 共 21 只，人民币份额合计约 220 元/日）
[2026-09-03 14:28:49] 开始抓取 14 只标普500场外基金额度...
[2026-09-03 14:28:51] 额度无变动（可买 7 只 / 共 21 只，人民币份额合计约 220 元/日）
[2026-09-03 14:36:05] 开始抓取 14 只标普500场外基金额度...
[2026-09-03 14:36:09] 额度无变动（可买 7 只 / 共 21 只，人民币份额合计约 220 元/日）
[2026-09-03 15:13:15] 开始抓取 14 只标普500场外基金额度...
[2026-09-03 15:13:17] 额度无变动（可买 7 只 / 共 21 只，人民币份额合计约 220 元/日）
[2026-09-03 15:21:43] 开始抓取 14 只标普500场外基金额度...
[2026-09-03 15:21:47] 额度无变动（可买 7 只 / 共 21 只，人民币份额合计约 220 元/日）
[2026-09-03 15:53:18] 开始抓取 14 只标普500场外基金额度...
[2026-09-03 15:53:22] 额度无变动（可买 7 只 / 共 21 只，人民币份额合计约 220 元/日）
[2026-09-03 16:06:57] 开始抓取 14 只标普500场外基金额度...
[2026-09-03 16:07:01] 额度无变动（可买 7 只 / 共 21 只，人民币份额合计约 220 元/日）
[2026-09-03 16:15:54] 开始抓取 14 只标普500场外基金额度...
[2026-09-03 16:16:00] 额度无变动（可买 7 只 / 共 21 只，人民币份额合计约 220 元/日）
[2026-09-03 16:33:47] 开始抓取 14 只标普500场外基金额度...
[2026-09-03 16:33:49] 额度无变动（可买 7 只 / 共 21 只，人民币份额合计约 220 元/日）
[2026-09-03 16:57:46] 开始抓取 14 只标普500场外基金额度...
[2026-09-03 16:57:50] 额度无变动（可买 7 只 / 共 21 只，人民币份额合计约 220 元/日）
[2026-09-03 17:09:01] 开始抓取 14 只标普500场外基金额度...
[2026-09-03 17:09:04] 额度无变动（可买 7 只 / 共 21 只，人民币份额合计约 220 元/日）
[2026-09-03 17:29:12] 开始抓取 14 只标普500场外基金额度...
[2026-09-03 17:29:16] 额度无变动（可买 7 只 / 共 21 只，人民币份额合计约 220 元/日）
[2026-09-03 17:55:24] 开始抓取 14 只标普500场外基金额度...
[2026-09-03 17:55:27] 额度无变动（可买 7 只 / 共 21 只，人民币份额合计约 220 元/日）
